
     Program PWSCF v.6.7MaX starts on 20Jul2021 at 12:29:33 

     This program is part of the open-source Quantum ESPRESSO suite
     for quantum simulation of materials; please cite
         "P. Giannozzi et al., J. Phys.:Condens. Matter 21 395502 (2009);
         "P. Giannozzi et al., J. Phys.:Condens. Matter 29 465901 (2017);
          URL http://www.quantum-espresso.org", 
     in publications or presentations arising from this work. More details at
     http://www.quantum-espresso.org/quote

     Parallel version (MPI), running on     2 processors

     MPI processes distributed on     1 nodes
     K-points division:     npool     =       2
     Reading input from scf.in

     Current dimensions of program PWSCF are:
     Max number of different atomic species (ntypx) = 10
     Max number of k-points (npk) =  40000
     Max angular momentum in pseudopotentials (lmaxx) =  3
     Message from routine read_pp_mesh:
     mesh size missing, using the one in header
     Message from routine read_pp_mesh:
     mesh size missing, using the one in header

     Subspace diagonalization in iterative solution of the eigenvalue problem:
     a serial algorithm will be used

 
     G-vector sticks info
     --------------------
     sticks:   dense  smooth     PW     G-vecs:    dense   smooth      PW
     Sum         439     439    151                 6231     6231    1243
 


     bravais-lattice index     =            2
     lattice parameter (alat)  =       6.8300  a.u.
     unit-cell volume          =      79.6530 (a.u.)^3
     number of atoms/cell      =            2
     number of atomic types    =            2
     number of electrons       =         8.00
     number of Kohn-Sham states=            4
     kinetic-energy cutoff     =      70.0000  Ry
     charge density cutoff     =     280.0000  Ry
     scf convergence threshold =      1.0E-15
     mixing beta               =       0.7000
     number of iterations used =            8  plain     mixing
     Exchange-correlation= SLA  PW   NOGX NOGC
                           (   1   4   0   0   0   0   0)

     celldm(1)=   6.830000  celldm(2)=   0.000000  celldm(3)=   0.000000
     celldm(4)=   0.000000  celldm(5)=   0.000000  celldm(6)=   0.000000

     crystal axes: (cart. coord. in units of alat)
               a(1) = (  -0.500000   0.000000   0.500000 )  
               a(2) = (   0.000000   0.500000   0.500000 )  
               a(3) = (  -0.500000   0.500000   0.000000 )  

     reciprocal axes: (cart. coord. in units 2 pi/alat)
               b(1) = ( -1.000000 -1.000000  1.000000 )  
               b(2) = (  1.000000  1.000000  1.000000 )  
               b(3) = ( -1.000000  1.000000 -1.000000 )  


     PseudoPot. # 1 for B  read from file:
     ./B.dojo.sr.ONCVv0.4.lda.standard.upf
     MD5 check sum: 69d4ef3dbc0509a37f66397c3ecc5321
     Pseudo is Norm-conserving + core correction, Zval =  3.0
     Generated using ONCVPSP code by D. R. Hamann
     Using radial grid of 1498 points,  4 beta functions with: 
                l(1) =   0
                l(2) =   0
                l(3) =   1
                l(4) =   1

     PseudoPot. # 2 for N  read from file:
     ./N.dojo.sr.ONCVv0.4.lda.standard.upf
     MD5 check sum: f7cfb052850314c53fa2901765c0b356
     Pseudo is Norm-conserving + core correction, Zval =  5.0
     Generated using ONCVPSP code by D. R. Hamann
     Using radial grid of 1058 points,  4 beta functions with: 
                l(1) =   0
                l(2) =   0
                l(3) =   1
                l(4) =   1

     atomic species   valence    mass     pseudopotential
        B              3.00    10.81100     B ( 1.00)
        N              5.00    14.00670     N ( 1.00)

     24 Sym. Ops. (no inversion) found (18 have fractional translation)



   Cartesian axes

     site n.     atom                  positions (alat units)
         1           B   tau(   1) = (  -0.1250000   0.1250000   0.1250000  )
         2           N   tau(   2) = (   0.1250000  -0.1250000  -0.1250000  )

     number of k points=    72
                       cart. coord. in units 2pi/alat
        k(    1) = (   0.0000000   0.0000000   0.0000000), wk =   0.0011574
        k(    2) = (  -0.0833333   0.0833333  -0.0833333), wk =   0.0092593
        k(    3) = (  -0.1666667   0.1666667  -0.1666667), wk =   0.0092593
        k(    4) = (  -0.2500000   0.2500000  -0.2500000), wk =   0.0092593
        k(    5) = (  -0.3333333   0.3333333  -0.3333333), wk =   0.0092593
        k(    6) = (  -0.4166667   0.4166667  -0.4166667), wk =   0.0092593
        k(    7) = (   0.5000000  -0.5000000   0.5000000), wk =   0.0046296
        k(    8) = (   0.0000000   0.1666667   0.0000000), wk =   0.0069444
        k(    9) = (  -0.0833333   0.2500000  -0.0833333), wk =   0.0277778
        k(   10) = (  -0.1666667   0.3333333  -0.1666667), wk =   0.0277778
        k(   11) = (  -0.2500000   0.4166667  -0.2500000), wk =   0.0277778
        k(   12) = (  -0.3333333   0.5000000  -0.3333333), wk =   0.0277778
        k(   13) = (   0.5833333  -0.4166667   0.5833333), wk =   0.0277778
        k(   14) = (   0.5000000  -0.3333333   0.5000000), wk =   0.0277778
        k(   15) = (   0.4166667  -0.2500000   0.4166667), wk =   0.0277778
        k(   16) = (   0.3333333  -0.1666667   0.3333333), wk =   0.0277778
        k(   17) = (   0.2500000  -0.0833333   0.2500000), wk =   0.0277778
        k(   18) = (   0.1666667  -0.0000000   0.1666667), wk =   0.0138889
        k(   19) = (   0.0000000   0.3333333   0.0000000), wk =   0.0069444
        k(   20) = (  -0.0833333   0.4166667  -0.0833333), wk =   0.0277778
        k(   21) = (  -0.1666667   0.5000000  -0.1666667), wk =   0.0277778
        k(   22) = (  -0.2500000   0.5833333  -0.2500000), wk =   0.0277778
        k(   23) = (   0.6666667  -0.3333333   0.6666667), wk =   0.0277778
        k(   24) = (   0.5833333  -0.2500000   0.5833333), wk =   0.0277778
        k(   25) = (   0.5000000  -0.1666667   0.5000000), wk =   0.0277778
        k(   26) = (   0.4166667  -0.0833333   0.4166667), wk =   0.0277778
        k(   27) = (   0.3333333   0.0000000   0.3333333), wk =   0.0138889
        k(   28) = (   0.0000000   0.5000000   0.0000000), wk =   0.0069444
        k(   29) = (  -0.0833333   0.5833333  -0.0833333), wk =   0.0277778
        k(   30) = (  -0.1666667   0.6666667  -0.1666667), wk =   0.0277778
        k(   31) = (   0.7500000  -0.2500000   0.7500000), wk =   0.0277778
        k(   32) = (   0.6666667  -0.1666667   0.6666667), wk =   0.0277778
        k(   33) = (   0.5833333  -0.0833333   0.5833333), wk =   0.0277778
        k(   34) = (   0.5000000   0.0000000   0.5000000), wk =   0.0138889
        k(   35) = (   0.0000000   0.6666667   0.0000000), wk =   0.0069444
        k(   36) = (  -0.0833333   0.7500000  -0.0833333), wk =   0.0277778
        k(   37) = (   0.8333333  -0.1666667   0.8333333), wk =   0.0277778
        k(   38) = (   0.7500000  -0.0833333   0.7500000), wk =   0.0277778
        k(   39) = (   0.6666667  -0.0000000   0.6666667), wk =   0.0138889
        k(   40) = (   0.0000000   0.8333333   0.0000000), wk =   0.0069444
        k(   41) = (   0.9166667  -0.0833333   0.9166667), wk =   0.0277778
        k(   42) = (   0.8333333   0.0000000   0.8333333), wk =   0.0138889
        k(   43) = (   0.0000000  -1.0000000   0.0000000), wk =   0.0034722
        k(   44) = (  -0.1666667   0.3333333   0.0000000), wk =   0.0277778
        k(   45) = (  -0.2500000   0.4166667  -0.0833333), wk =   0.0555556
        k(   46) = (  -0.3333333   0.5000000  -0.1666667), wk =   0.0555556
        k(   47) = (   0.5833333  -0.4166667   0.7500000), wk =   0.0555556
        k(   48) = (   0.5000000  -0.3333333   0.6666667), wk =   0.0277778
        k(   49) = (  -0.1666667   0.5000000   0.0000000), wk =   0.0277778
        k(   50) = (  -0.2500000   0.5833333  -0.0833333), wk =   0.0555556
        k(   51) = (   0.6666667  -0.3333333   0.8333333), wk =   0.0555556
        k(   52) = (   0.5833333  -0.2500000   0.7500000), wk =   0.0555556
        k(   53) = (   0.5000000  -0.1666667   0.6666667), wk =   0.0555556
        k(   54) = (   0.4166667  -0.0833333   0.5833333), wk =   0.0555556
        k(   55) = (   0.3333333   0.0000000   0.5000000), wk =   0.0277778
        k(   56) = (  -0.1666667   0.6666667  -0.0000000), wk =   0.0277778
        k(   57) = (   0.7500000  -0.2500000   0.9166667), wk =   0.0555556
        k(   58) = (   0.6666667  -0.1666667   0.8333333), wk =   0.0555556
        k(   59) = (   0.5833333  -0.0833333   0.7500000), wk =   0.0555556
        k(   60) = (   0.5000000   0.0000000   0.6666667), wk =   0.0277778
        k(   61) = (   0.8333333  -0.1666667   1.0000000), wk =   0.0277778
        k(   62) = (   0.7500000  -0.0833333   0.9166667), wk =   0.0555556
        k(   63) = (   0.6666667   0.0000000   0.8333333), wk =   0.0277778
        k(   64) = (  -0.1666667  -1.0000000  -0.0000000), wk =   0.0138889
        k(   65) = (   0.6666667  -0.3333333   1.0000000), wk =   0.0277778
        k(   66) = (   0.5833333  -0.2500000   0.9166667), wk =   0.0555556
        k(   67) = (   0.5000000  -0.1666667   0.8333333), wk =   0.0277778
        k(   68) = (   0.6666667  -0.1666667   1.0000000), wk =   0.0277778
        k(   69) = (   0.5833333  -0.0833333   0.9166667), wk =   0.0555556
        k(   70) = (   0.5000000   0.0000000   0.8333333), wk =   0.0277778
        k(   71) = (  -0.3333333  -1.0000000   0.0000000), wk =   0.0138889
        k(   72) = (  -0.5000000  -1.0000000   0.0000000), wk =   0.0069444

     Dense  grid:     6231 G-vectors     FFT dimensions: (  30,  30,  30)

     Estimated max dynamical RAM per process >       7.57 MB

     Estimated total dynamical RAM >      15.14 MB

     Initial potential from superposition of free atoms

     starting charge    7.99978, renormalised to    8.00000
     Starting wfcs are    8 randomized atomic wfcs

     total cpu time spent up to now is        0.4 secs

     Self-consistent Calculation

     iteration #  1     ecut=    70.00 Ry     beta= 0.70
     Davidson diagonalization with overlap
     ethr =  1.00E-02,  avg # of iterations =  2.0

     total cpu time spent up to now is        0.8 secs

     total energy              =     -26.78045461 Ry
     estimated scf accuracy    <       0.22101375 Ry

     iteration #  2     ecut=    70.00 Ry     beta= 0.70
     Davidson diagonalization with overlap
     ethr =  2.76E-03,  avg # of iterations =  2.2

     total cpu time spent up to now is        1.1 secs

     total energy              =     -26.84572696 Ry
     estimated scf accuracy    <       0.05142307 Ry

     iteration #  3     ecut=    70.00 Ry     beta= 0.70
     Davidson diagonalization with overlap
     ethr =  6.43E-04,  avg # of iterations =  1.5

     total cpu time spent up to now is        1.3 secs

     total energy              =     -26.84692410 Ry
     estimated scf accuracy    <       0.00473759 Ry

     iteration #  4     ecut=    70.00 Ry     beta= 0.70
     Davidson diagonalization with overlap
     ethr =  5.92E-05,  avg # of iterations =  4.0

     total cpu time spent up to now is        1.7 secs

     total energy              =     -26.85047774 Ry
     estimated scf accuracy    <       0.00708695 Ry

     iteration #  5     ecut=    70.00 Ry     beta= 0.70
     Davidson diagonalization with overlap
     ethr =  5.92E-05,  avg # of iterations =  1.4

     total cpu time spent up to now is        2.0 secs

     total energy              =     -26.84944162 Ry
     estimated scf accuracy    <       0.00192923 Ry

     iteration #  6     ecut=    70.00 Ry     beta= 0.70
     Davidson diagonalization with overlap
     ethr =  2.41E-05,  avg # of iterations =  3.2

     total cpu time spent up to now is        2.3 secs

     total energy              =     -26.85057279 Ry
     estimated scf accuracy    <       0.00133664 Ry

     iteration #  7     ecut=    70.00 Ry     beta= 0.70
     Davidson diagonalization with overlap
     ethr =  1.67E-05,  avg # of iterations =  1.0

     total cpu time spent up to now is        2.5 secs

     total energy              =     -26.85039555 Ry
     estimated scf accuracy    <       0.00044648 Ry

     iteration #  8     ecut=    70.00 Ry     beta= 0.70
     Davidson diagonalization with overlap
     ethr =  5.58E-06,  avg # of iterations =  2.1

     total cpu time spent up to now is        2.8 secs

     total energy              =     -26.85053269 Ry
     estimated scf accuracy    <       0.00000006 Ry

     iteration #  9     ecut=    70.00 Ry     beta= 0.70
     Davidson diagonalization with overlap
     ethr =  7.29E-10,  avg # of iterations = 11.1

     total cpu time spent up to now is        3.7 secs

     total energy              =     -26.85053795 Ry
     estimated scf accuracy    <       0.00001751 Ry

     iteration # 10     ecut=    70.00 Ry     beta= 0.70
     Davidson diagonalization with overlap
     ethr =  7.29E-10,  avg # of iterations =  6.5

     total cpu time spent up to now is        4.3 secs

     total energy              =     -26.85053688 Ry
     estimated scf accuracy    <       0.00000298 Ry

     iteration # 11     ecut=    70.00 Ry     beta= 0.70
     Davidson diagonalization with overlap
     ethr =  7.29E-10,  avg # of iterations =  7.5

     total cpu time spent up to now is        4.9 secs

     total energy              =     -26.85053802 Ry
     estimated scf accuracy    <       0.00000254 Ry

     iteration # 12     ecut=    70.00 Ry     beta= 0.70
     Davidson diagonalization with overlap
     ethr =  7.29E-10,  avg # of iterations =  4.7

     total cpu time spent up to now is        5.3 secs

     total energy              =     -26.85053821 Ry
     estimated scf accuracy    <       0.00000022 Ry

     iteration # 13     ecut=    70.00 Ry     beta= 0.70
     Davidson diagonalization with overlap
     ethr =  7.29E-10,  avg # of iterations =  2.1

     total cpu time spent up to now is        5.6 secs

     total energy              =     -26.85053819 Ry
     estimated scf accuracy    <       0.00000007 Ry

     iteration # 14     ecut=    70.00 Ry     beta= 0.70
     Davidson diagonalization with overlap
     ethr =  7.29E-10,  avg # of iterations =  2.2

     total cpu time spent up to now is        5.9 secs

     total energy              =     -26.85053821 Ry
     estimated scf accuracy    <          2.0E-10 Ry

     iteration # 15     ecut=    70.00 Ry     beta= 0.70
     Davidson diagonalization with overlap
     ethr =  2.47E-12,  avg # of iterations =  7.0

     total cpu time spent up to now is        6.5 secs

     total energy              =     -26.85053821 Ry
     estimated scf accuracy    <          5.4E-09 Ry

     iteration # 16     ecut=    70.00 Ry     beta= 0.70
     Davidson diagonalization with overlap
     ethr =  2.47E-12,  avg # of iterations =  3.8

     total cpu time spent up to now is        6.9 secs

     total energy              =     -26.85053821 Ry
     estimated scf accuracy    <          7.5E-10 Ry

     iteration # 17     ecut=    70.00 Ry     beta= 0.70
     Davidson diagonalization with overlap
     ethr =  2.47E-12,  avg # of iterations =  4.5

     total cpu time spent up to now is        7.4 secs

     total energy              =     -26.85053821 Ry
     estimated scf accuracy    <          9.6E-10 Ry

     iteration # 18     ecut=    70.00 Ry     beta= 0.70
     Davidson diagonalization with overlap
     ethr =  2.47E-12,  avg # of iterations =  2.0

     total cpu time spent up to now is        7.7 secs

     total energy              =     -26.85053821 Ry
     estimated scf accuracy    <          3.7E-10 Ry

     iteration # 19     ecut=    70.00 Ry     beta= 0.70
     Davidson diagonalization with overlap
     ethr =  2.47E-12,  avg # of iterations =  1.0

     total cpu time spent up to now is        7.9 secs

     total energy              =     -26.85053821 Ry
     estimated scf accuracy    <          4.5E-10 Ry

     iteration # 20     ecut=    70.00 Ry     beta= 0.70
     Davidson diagonalization with overlap
     ethr =  2.47E-12,  avg # of iterations =  1.0

     total cpu time spent up to now is        8.1 secs

     total energy              =     -26.85053821 Ry
     estimated scf accuracy    <          3.9E-10 Ry

     iteration # 21     ecut=    70.00 Ry     beta= 0.70
     Davidson diagonalization with overlap
     ethr =  2.47E-12,  avg # of iterations =  1.0

     total cpu time spent up to now is        8.4 secs

     total energy              =     -26.85053821 Ry
     estimated scf accuracy    <          3.2E-10 Ry

     iteration # 22     ecut=    70.00 Ry     beta= 0.70
     Davidson diagonalization with overlap
     ethr =  2.47E-12,  avg # of iterations =  2.2

     total cpu time spent up to now is        8.7 secs

     total energy              =     -26.85053821 Ry
     estimated scf accuracy    <          4.2E-14 Ry

     iteration # 23     ecut=    70.00 Ry     beta= 0.70
     Davidson diagonalization with overlap
     ethr =  1.00E-13,  avg # of iterations =  4.5

     total cpu time spent up to now is        9.1 secs

     total energy              =     -26.85053821 Ry
     estimated scf accuracy    <          2.4E-11 Ry

     iteration # 24     ecut=    70.00 Ry     beta= 0.70
     Davidson diagonalization with overlap
     ethr =  1.00E-13,  avg # of iterations =  1.0

     total cpu time spent up to now is        9.4 secs

     total energy              =     -26.85053821 Ry
     estimated scf accuracy    <          3.1E-11 Ry

     iteration # 25     ecut=    70.00 Ry     beta= 0.70
     Davidson diagonalization with overlap
     ethr =  1.00E-13,  avg # of iterations =  1.0

     total cpu time spent up to now is        9.6 secs

     total energy              =     -26.85053821 Ry
     estimated scf accuracy    <          2.1E-11 Ry

     iteration # 26     ecut=    70.00 Ry     beta= 0.70
     Davidson diagonalization with overlap
     ethr =  1.00E-13,  avg # of iterations =  1.0

     total cpu time spent up to now is        9.8 secs

     total energy              =     -26.85053821 Ry
     estimated scf accuracy    <          1.8E-11 Ry

     iteration # 27     ecut=    70.00 Ry     beta= 0.70
     Davidson diagonalization with overlap
     ethr =  1.00E-13,  avg # of iterations =  2.0

     total cpu time spent up to now is       10.1 secs

     total energy              =     -26.85053821 Ry
     estimated scf accuracy    <          2.7E-12 Ry

     iteration # 28     ecut=    70.00 Ry     beta= 0.70
     Davidson diagonalization with overlap
     ethr =  1.00E-13,  avg # of iterations =  1.0

     total cpu time spent up to now is       10.3 secs

     total energy              =     -26.85053821 Ry
     estimated scf accuracy    <          8.0E-13 Ry

     iteration # 29     ecut=    70.00 Ry     beta= 0.70
     Davidson diagonalization with overlap
     ethr =  1.00E-13,  avg # of iterations =  1.0

     total cpu time spent up to now is       10.5 secs

     total energy              =     -26.85053821 Ry
     estimated scf accuracy    <          1.4E-13 Ry

     iteration # 30     ecut=    70.00 Ry     beta= 0.70
     Davidson diagonalization with overlap
     ethr =  1.00E-13,  avg # of iterations =  1.0

     total cpu time spent up to now is       10.7 secs

     total energy              =     -26.85053821 Ry
     estimated scf accuracy    <          1.5E-14 Ry

     iteration # 31     ecut=    70.00 Ry     beta= 0.70
     Davidson diagonalization with overlap
     ethr =  1.00E-13,  avg # of iterations =  1.0

     total cpu time spent up to now is       10.9 secs

     total energy              =     -26.85053821 Ry
     estimated scf accuracy    <          1.4E-14 Ry

     iteration # 32     ecut=    70.00 Ry     beta= 0.70
     Davidson diagonalization with overlap
     ethr =  1.00E-13,  avg # of iterations =  1.0

     total cpu time spent up to now is       11.1 secs

     total energy              =     -26.85053821 Ry
     estimated scf accuracy    <          3.2E-14 Ry

     iteration # 33     ecut=    70.00 Ry     beta= 0.70
     Davidson diagonalization with overlap
     ethr =  1.00E-13,  avg # of iterations =  1.0

     total cpu time spent up to now is       11.4 secs

     total energy              =     -26.85053821 Ry
     estimated scf accuracy    <          5.4E-14 Ry

     iteration # 34     ecut=    70.00 Ry     beta= 0.70
     Davidson diagonalization with overlap
     ethr =  1.00E-13,  avg # of iterations =  1.0

     total cpu time spent up to now is       11.6 secs

     total energy              =     -26.85053821 Ry
     estimated scf accuracy    <          5.9E-14 Ry

     iteration # 35     ecut=    70.00 Ry     beta= 0.70
     Davidson diagonalization with overlap
     ethr =  1.00E-13,  avg # of iterations =  1.0

     total cpu time spent up to now is       11.8 secs

     total energy              =     -26.85053821 Ry
     estimated scf accuracy    <          1.0E-13 Ry

     iteration # 36     ecut=    70.00 Ry     beta= 0.70
     Davidson diagonalization with overlap
     ethr =  1.00E-13,  avg # of iterations =  1.0

     total cpu time spent up to now is       12.0 secs

     total energy              =     -26.85053821 Ry
     estimated scf accuracy    <          5.6E-14 Ry

     iteration # 37     ecut=    70.00 Ry     beta= 0.70
     Davidson diagonalization with overlap
     ethr =  1.00E-13,  avg # of iterations =  1.0

     total cpu time spent up to now is       12.2 secs

     total energy              =     -26.85053821 Ry
     estimated scf accuracy    <          4.2E-14 Ry

     iteration # 38     ecut=    70.00 Ry     beta= 0.70
     Davidson diagonalization with overlap
     ethr =  1.00E-13,  avg # of iterations =  1.0

     total cpu time spent up to now is       12.4 secs

     total energy              =     -26.85053821 Ry
     estimated scf accuracy    <          9.9E-14 Ry

     iteration # 39     ecut=    70.00 Ry     beta= 0.70
     Davidson diagonalization with overlap
     ethr =  1.00E-13,  avg # of iterations =  1.0

     total cpu time spent up to now is       12.6 secs

     End of self-consistent calculation

          k = 0.0000 0.0000 0.0000 (   749 PWs)   bands (ev):

    -9.1495  10.9216  10.9216  10.9216

          k =-0.0833 0.0833-0.0833 (   791 PWs)   bands (ev):

    -8.9800  10.0159  10.7376  10.7376

          k =-0.1667 0.1667-0.1667 (   791 PWs)   bands (ev):

    -8.4765   7.9295  10.2939  10.2939

          k =-0.2500 0.2500-0.2500 (   797 PWs)   bands (ev):

    -7.6614   5.4685   9.7823   9.7823

          k =-0.3333 0.3333-0.3333 (   787 PWs)   bands (ev):

    -6.5939   3.0727   9.3467   9.3467

          k =-0.4167 0.4167-0.4167 (   790 PWs)   bands (ev):

    -5.4583   1.0916   9.0629   9.0629

          k = 0.5000-0.5000 0.5000 (   778 PWs)   bands (ev):

    -4.8568   0.2015   8.9657   8.9657

          k = 0.0000 0.1667 0.0000 (   801 PWs)   bands (ev):

    -8.9235  10.3439  10.3666  10.3666

          k =-0.0833 0.2500-0.0833 (   795 PWs)   bands (ev):

    -8.5315   8.6387   9.8080  10.2632

          k =-0.1667 0.3333-0.1667 (   794 PWs)   bands (ev):

    -7.8198   6.3250   9.2634   9.8468

          k =-0.2500 0.4167-0.2500 (   792 PWs)   bands (ev):

    -6.8318   3.9286   8.8616   9.3104

          k =-0.3333 0.5000-0.3333 (   791 PWs)   bands (ev):

    -5.6924   1.7992   8.6640   8.8142

          k = 0.5833-0.4167 0.5833 (   789 PWs)   bands (ev):

    -4.8195   0.4591   8.4535   8.6889

          k = 0.5000-0.3333 0.5000 (   791 PWs)   bands (ev):

    -5.0304   0.7645   8.2828   8.9257

          k = 0.4167-0.2500 0.4167 (   788 PWs)   bands (ev):

    -6.0742   2.4563   8.3317   9.3393

          k = 0.3333-0.1667 0.3333 (   788 PWs)   bands (ev):

    -7.1874   4.7098   8.6075   9.8647

          k = 0.2500-0.0833 0.2500 (   800 PWs)   bands (ev):

    -8.0911   7.0929   9.0974  10.3894

          k = 0.1667-0.0000 0.1667 (   793 PWs)   bands (ev):

    -8.6990   9.1013   9.8388  10.7400

          k = 0.0000 0.3333 0.0000 (   793 PWs)   bands (ev):

    -8.2538   8.9032   9.1568   9.1568

          k =-0.0833 0.4167-0.0833 (   801 PWs)   bands (ev):

    -7.6548   7.0671   8.5537   8.9512

          k =-0.1667 0.5000-0.1667 (   795 PWs)   bands (ev):

    -6.7682   4.8711   8.1289   8.4438

          k =-0.2500 0.5833-0.2500 (   793 PWs)   bands (ev):

    -5.6846   2.7637   7.7945   7.9442

          k = 0.6667-0.3333 0.6667 (   792 PWs)   bands (ev):

    -4.6862   1.1778   7.2066   8.0173

          k = 0.5833-0.2500 0.5833 (   786 PWs)   bands (ev):

    -4.4916   0.8994   6.8020   8.3343

          k = 0.5000-0.1667 0.5000 (   792 PWs)   bands (ev):

    -5.3232   2.1519   6.6555   8.8484

          k = 0.4167-0.0833 0.4167 (   794 PWs)   bands (ev):

    -6.4265   4.0906   6.8414   9.4721

          k = 0.3333 0.0000 0.3333 (   791 PWs)   bands (ev):

    -7.3923   5.9538   7.5864  10.0567

          k = 0.0000 0.5000 0.0000 (   817 PWs)   bands (ev):

    -7.1739   7.0147   7.8873   7.8873

          k =-0.0833 0.5833-0.0833 (   799 PWs)   bands (ev):

    -6.4048   5.4816   7.3873   7.4076

          k =-0.1667 0.6667-0.1667 (   785 PWs)   bands (ev):

    -5.4209   3.7061   6.6079   7.1837

          k = 0.7500-0.2500 0.7500 (   788 PWs)   bands (ev):

    -4.4250   2.1774   5.7725   7.2399

          k = 0.6667-0.1667 0.6667 (   787 PWs)   bands (ev):

    -3.9466   1.5226   5.1339   7.5673

          k = 0.5833-0.0833 0.5833 (   787 PWs)   bands (ev):

    -4.4534   2.1942   4.8661   8.1214

          k = 0.5000 0.0000 0.5000 (   792 PWs)   bands (ev):

    -5.4503   3.3662   5.3233   8.8107

          k = 0.0000 0.6667 0.0000 (   797 PWs)   bands (ev):

    -5.7673   4.9384   6.8604   6.8604

          k =-0.0833 0.7500-0.0833 (   787 PWs)   bands (ev):

    -4.9244   3.8015   6.1488   6.5712

          k = 0.8333-0.1667 0.8333 (   779 PWs)   bands (ev):

    -4.0469   2.8372   4.9616   6.5728

          k = 0.7500-0.0833 0.7500 (   784 PWs)   bands (ev):

    -3.5122   2.4486   3.8141   6.8635

          k = 0.6667-0.0000 0.6667 (   792 PWs)   bands (ev):

    -3.7095   2.5015   3.5458   7.4073

          k = 0.0000 0.8333 0.0000 (   789 PWs)   bands (ev):

    -4.2749   2.9921   6.2068   6.2068

          k = 0.9167-0.0833 0.9167 (   777 PWs)   bands (ev):

    -3.6575   2.3703   5.5359   6.1351

          k = 0.8333 0.0000 0.8333 (   776 PWs)   bands (ev):

    -3.3613   2.4077   4.2982   6.3628

          k = 0.0000-1.0000 0.0000 (   790 PWs)   bands (ev):

    -3.4776   2.0314   5.9834   5.9834

          k =-0.1667 0.3333 0.0000 (   790 PWs)   bands (ev):

    -8.0353   7.5336   8.6725  10.0141

          k =-0.2500 0.4167-0.0833 (   792 PWs)   bands (ev):

    -7.2341   5.5471   7.9176   9.5708

          k =-0.3333 0.5000-0.1667 (   792 PWs)   bands (ev):

    -6.1909   3.3500   7.5539   8.9929

          k = 0.5833-0.4167 0.7500 (   791 PWs)   bands (ev):

    -5.0940   1.4855   7.4321   8.4901

          k = 0.5000-0.3333 0.6667 (   784 PWs)   bands (ev):

    -4.5240   0.6496   7.4307   8.2735

          k =-0.1667 0.5000 0.0000 (   800 PWs)   bands (ev):

    -6.9683   5.9769   7.4398   8.5798

          k =-0.2500 0.5833-0.0833 (   790 PWs)   bands (ev):

    -6.0255   4.2423   6.7599   8.0369

          k = 0.6667-0.3333 0.8333 (   792 PWs)   bands (ev):

    -4.9632   2.4611   6.3971   7.5321

          k = 0.5833-0.2500 0.7500 (   790 PWs)   bands (ev):

    -4.1856   1.3229   6.0529   7.4440

          k = 0.5000-0.1667 0.6667 (   785 PWs)   bands (ev):

    -4.3754   1.5885   5.7832   7.7896

          k = 0.4167-0.0833 0.5833 (   786 PWs)   bands (ev):

    -5.3242   2.9966   5.8008   8.3895

          k = 0.3333 0.0000 0.5000 (   788 PWs)   bands (ev):

    -6.3704   4.5582   6.4239   9.0611

          k =-0.1667 0.6667-0.0000 (   793 PWs)   bands (ev):

    -5.5882   4.4755   6.4376   7.0177

          k = 0.7500-0.2500 0.9167 (   783 PWs)   bands (ev):

    -4.6308   3.2549   5.6171   6.5614

          k = 0.6667-0.1667 0.8333 (   781 PWs)   bands (ev):

    -3.8236   2.2813   4.7518   6.5824

          k = 0.5833-0.0833 0.7500 (   786 PWs)   bands (ev):

    -3.7038   2.1587   4.1865   6.9844

          k = 0.5000 0.0000 0.6667 (   786 PWs)   bands (ev):

    -4.3768   2.6893   4.4175   7.6379

          k = 0.8333-0.1667 1.0000 (   783 PWs)   bands (ev):

    -4.1478   3.0015   5.7917   5.9186

          k = 0.7500-0.0833 0.9167 (   780 PWs)   bands (ev):

    -3.5039   2.6051   4.5647   5.9240

          k = 0.6667 0.0000 0.8333 (   780 PWs)   bands (ev):

    -3.3314   2.9210   3.2917   6.3204

          k =-0.1667-1.0000-0.0000 (   776 PWs)   bands (ev):

    -3.3999   2.2195   5.5215   5.6005

          k = 0.6667-0.3333 1.0000 (   781 PWs)   bands (ev):

    -5.0844   3.5107   5.4727   7.3613

          k = 0.5833-0.2500 0.9167 (   781 PWs)   bands (ev):

    -4.1479   2.4926   4.9466   6.6847

          k = 0.5000-0.1667 0.8333 (   780 PWs)   bands (ev):

    -3.6981   1.9456   4.8736   6.3915

          k = 0.6667-0.1667 1.0000 (   774 PWs)   bands (ev):

    -3.8247   2.9124   4.8658   5.6033

          k = 0.5833-0.0833 0.9167 (   776 PWs)   bands (ev):

    -3.3348   2.8220   4.0239   5.3622

          k = 0.5000 0.0000 0.8333 (   781 PWs)   bands (ev):

    -3.4839   2.8089   3.8473   5.8486

          k =-0.3333-1.0000 0.0000 (   772 PWs)   bands (ev):

    -3.2335   2.7609   4.7018   4.7164

          k =-0.5000-1.0000 0.0000 (   772 PWs)   bands (ev):

    -3.1440   3.4079   3.8897   4.3524

     highest occupied level (ev):    10.9216

!    total energy              =     -26.85053821 Ry
     estimated scf accuracy    <          7.1E-16 Ry

     The total energy is the sum of the following terms:
     one-electron contribution =       4.65303335 Ry
     hartree contribution      =       3.54409306 Ry
     xc contribution           =      -8.70163393 Ry
     ewald contribution        =     -26.34603069 Ry

     convergence has been achieved in  39 iterations

     Forces acting on atoms (cartesian axes, Ry/au):

     atom    1 type  1   force =     0.00000000    0.00000000    0.00000000
     atom    2 type  2   force =    -0.00000000   -0.00000000   -0.00000000

     Total force =     0.000000     Total SCF correction =     0.000000


     Computing stress (Cartesian axis) and pressure

          total   stress  (Ry/bohr**3)                   (kbar)     P=     -118.30
  -0.00080421   0.00000000  -0.00000000         -118.30        0.00       -0.00
  -0.00000000  -0.00080421   0.00000000           -0.00     -118.30        0.00
  -0.00000000   0.00000000  -0.00080421           -0.00        0.00     -118.30


     Writing output data file temp/bn.save/
 
     init_run     :      0.31s CPU      0.32s WALL (       1 calls)
     electrons    :     12.10s CPU     12.25s WALL (       1 calls)
     forces       :      0.02s CPU      0.02s WALL (       1 calls)
     stress       :      0.09s CPU      0.09s WALL (       1 calls)

     Called by init_run:
     wfcinit      :      0.24s CPU      0.24s WALL (       1 calls)
     potinit      :      0.01s CPU      0.01s WALL (       1 calls)
     hinit0       :      0.05s CPU      0.06s WALL (       1 calls)

     Called by electrons:
     c_bands      :     10.20s CPU     10.32s WALL (      39 calls)
     sum_band     :      1.75s CPU      1.77s WALL (      39 calls)
     v_of_rho     :      0.09s CPU      0.09s WALL (      40 calls)
     mix_rho      :      0.05s CPU      0.06s WALL (      39 calls)

     Called by c_bands:
     init_us_2    :      0.54s CPU      0.54s WALL (    2916 calls)
     cegterg      :      9.30s CPU      9.40s WALL (    1404 calls)

     Called by *egterg:
     cdiaghg      :      0.14s CPU      0.14s WALL (    5000 calls)
     h_psi        :      8.87s CPU      8.97s WALL (    5036 calls)
     g_psi        :      0.07s CPU      0.07s WALL (    3596 calls)

     Called by h_psi:
     h_psi:calbec :      0.13s CPU      0.13s WALL (    5036 calls)
     vloc_psi     :      8.58s CPU      8.67s WALL (    5036 calls)
     add_vuspsi   :      0.12s CPU      0.12s WALL (    5036 calls)

     General routines
     calbec       :      0.13s CPU      0.13s WALL (    5216 calls)
     fft          :      0.03s CPU      0.04s WALL (     127 calls)
     ffts         :      0.01s CPU      0.01s WALL (      39 calls)
     fftw         :      8.84s CPU      8.94s WALL (   42054 calls)
 
     Parallel routines
 
     PWSCF        :     12.61s CPU     12.80s WALL

 
   This run was terminated on:  12:29:46  20Jul2021            

=------------------------------------------------------------------------------=
   JOB DONE.
=------------------------------------------------------------------------------=
